{
    "merfish - npy - 1": {
        "content": [
            {
                "0": [
                    [
                        {
                            "id": "merfish_1"
                        },
                        "merfish_1_decoded_spots.csv:md5,2fe3567064eb803bb46e950a76a5ec62"
                    ]
                ],
                "1": [
                    
                ],
                "2": [
                    "versions.yml:md5,fd95950f4ce1bcca31743bd79265a816"
                ],
                "decoded_peaks": [
                    [
                        {
                            "id": "merfish_1"
                        },
                        "merfish_1_decoded_spots.csv:md5,2fe3567064eb803bb46e950a76a5ec62"
                    ]
                ],
                "versions": [
                    "versions.yml:md5,fd95950f4ce1bcca31743bd79265a816"
                ]
            }
        ],
        "meta": {
            "nf-test": "0.9.2",
            "nextflow": "24.10.5"
        },
        "timestamp": "2025-07-14T19:51:48.628437149"
    },
    "merfish - csv": {
        "content": [
            {
                "0": [
                    
                ],
                "1": [
                    
                ],
                "2": [
                    
                ],
                "decoded_peaks": [
                    
                ],
                "versions": [
                    
                ]
            }
        ],
        "meta": {
            "nf-test": "0.9.2",
            "nextflow": "24.10.5"
        },
        "timestamp": "2025-07-11T15:19:07.13337354"
    },
    "merfish - npy - 100000": {
        "content": [
            {
                "0": [
                    [
                        {
                            "id": "merfish_100000"
                        },
                        "merfish_100000_decoded_spots.csv:md5,771ccb4c887ef4ec6f4232f10e69125d"
                    ]
                ],
                "1": [
                    
                ],
                "2": [
                    "versions.yml:md5,fd95950f4ce1bcca31743bd79265a816"
                ],
                "decoded_peaks": [
                    [
                        {
                            "id": "merfish_100000"
                        },
                        "merfish_100000_decoded_spots.csv:md5,771ccb4c887ef4ec6f4232f10e69125d"
                    ]
                ],
                "versions": [
                    "versions.yml:md5,fd95950f4ce1bcca31743bd79265a816"
                ]
            }
        ],
        "meta": {
            "nf-test": "0.9.2",
            "nextflow": "24.10.5"
        },
        "timestamp": "2025-07-14T21:38:55.953642885"
    },
    "merfish - npy - 5000": {
        "content": [
            {
                "0": [
                    [
                        {
                            "id": "merfish_5000"
                        },
                        "merfish_5000_decoded_spots.csv:md5,c3f53ca490b62ec46d85591c4770cc01"
                    ]
                ],
                "1": [
                    
                ],
                "2": [
                    "versions.yml:md5,fd95950f4ce1bcca31743bd79265a816"
                ],
                "decoded_peaks": [
                    [
                        {
                            "id": "merfish_5000"
                        },
                        "merfish_5000_decoded_spots.csv:md5,c3f53ca490b62ec46d85591c4770cc01"
                    ]
                ],
                "versions": [
                    "versions.yml:md5,fd95950f4ce1bcca31743bd79265a816"
                ]
            }
        ],
        "meta": {
            "nf-test": "0.9.2",
            "nextflow": "24.10.5"
        },
        "timestamp": "2025-07-16T14:46:12.869234749"
    },
    "stub": {
        "content": [
            {
                "0": [
                    [
                        {
                            "id": "merfish_test"
                        },
                        "merfish_test_decoded_spots.csv:md5,d41d8cd98f00b204e9800998ecf8427e"
                    ]
                ],
                "1": [
                    
                ],
                "2": [
                    "versions.yml:md5,fd95950f4ce1bcca31743bd79265a816"
                ],
                "decoded_peaks": [
                    [
                        {
                            "id": "merfish_test"
                        },
                        "merfish_test_decoded_spots.csv:md5,d41d8cd98f00b204e9800998ecf8427e"
                    ]
                ],
                "versions": [
                    "versions.yml:md5,fd95950f4ce1bcca31743bd79265a816"
                ]
            }
        ],
        "meta": {
            "nf-test": "0.9.2",
            "nextflow": "24.10.5"
        },
        "timestamp": "2025-07-14T19:21:38.159156009"
    }
}