{
    "postcode - npy - 5000": {
        "content": [
            {
                "0": [
                    [
                        {
                            "id": "single"
                        },
                        "single_decoded_spots.csv:md5,c3f53ca490b62ec46d85591c4770cc01"
                    ]
                ],
                "1": [
                    [
                        {
                            "id": "single"
                        },
                        "single_reformatted_profile.npy:md5,ee3dc5826c11d393aaf813b08026c5c2",
                        "single_starfish_codebook.json:md5,846c498cb0b5363e5fcfa44e94bf60b7",
                        "single_barcodes_0123_str.txt:md5,1240bdd581957bc56a810734a5b39b0e"
                    ]
                ],
                "2": [
                    "versions.yml:md5,c105acc99513c405a45c158c81c3cbbc",
                    "versions.yml:md5,c105acc99513c405a45c158c81c3cbbc"
                ],
                "bam": [
                    [
                        {
                            "id": "single"
                        },
                        "single_decoded_spots.csv:md5,c3f53ca490b62ec46d85591c4770cc01"
                    ]
                ],
                "csi": [
                    [
                        {
                            "id": "single"
                        },
                        "single_reformatted_profile.npy:md5,ee3dc5826c11d393aaf813b08026c5c2",
                        "single_starfish_codebook.json:md5,846c498cb0b5363e5fcfa44e94bf60b7",
                        "single_barcodes_0123_str.txt:md5,1240bdd581957bc56a810734a5b39b0e"
                    ]
                ],
                "versions": [
                    "versions.yml:md5,c105acc99513c405a45c158c81c3cbbc",
                    "versions.yml:md5,c105acc99513c405a45c158c81c3cbbc"
                ]
            }
        ],
        "meta": {
            "nf-test": "0.9.2",
            "nextflow": "24.10.5"
        },
        "timestamp": "2025-07-16T15:43:14.418623138"
    },
    "postcode - npy - 100000": {
        "content": [
            {
                "0": [
                    [
                        {
                            "id": "10000"
                        },
                        "10000_reformatted_profile.npy:md5,45f2e67209caf00d01113dc3802c8519",
                        "10000_starfish_codebook.json:md5,846c498cb0b5363e5fcfa44e94bf60b7"
                    ]
                ],
                "1": [
                    [
                        {
                            "id": "10000"
                        },
                        "10000_decoded.csv:md5,4df11830a543f5c7557aee5807fa93ad"
                    ]
                ],
                "2": [
                    "versions.yml:md5,23c767619679fc9c91e2fe47441281f9",
                    "versions.yml:md5,c105acc99513c405a45c158c81c3cbbc",
                    "versions.yml:md5,c105acc99513c405a45c158c81c3cbbc"
                ],
                "decoded_profiles": [
                    [
                        {
                            "id": "10000"
                        },
                        "10000_decoded.csv:md5,4df11830a543f5c7557aee5807fa93ad"
                    ]
                ],
                "processed_profiles": [
                    [
                        {
                            "id": "10000"
                        },
                        "10000_reformatted_profile.npy:md5,45f2e67209caf00d01113dc3802c8519",
                        "10000_starfish_codebook.json:md5,846c498cb0b5363e5fcfa44e94bf60b7"
                    ]
                ],
                "versions": [
                    "versions.yml:md5,23c767619679fc9c91e2fe47441281f9",
                    "versions.yml:md5,c105acc99513c405a45c158c81c3cbbc",
                    "versions.yml:md5,c105acc99513c405a45c158c81c3cbbc"
                ]
            }
        ],
        "meta": {
            "nf-test": "0.9.2",
            "nextflow": "24.10.5"
        },
        "timestamp": "2025-08-05T14:44:26.51547939"
    },
    "postcode - npy - 1": {
        "content": [
            {
                "0": [
                    [
                        {
                            "id": "single"
                        },
                        "single_reformatted_profile.npy:md5,1767337178874628135d325468822e8a",
                        "single_starfish_codebook.json:md5,846c498cb0b5363e5fcfa44e94bf60b7"
                    ]
                ],
                "1": [
                    
                ],
                "2": [
                    "versions.yml:md5,c105acc99513c405a45c158c81c3cbbc",
                    "versions.yml:md5,c105acc99513c405a45c158c81c3cbbc"
                ],
                "decoded_profiles": [
                    
                ],
                "processed_profiles": [
                    [
                        {
                            "id": "single"
                        },
                        "single_reformatted_profile.npy:md5,1767337178874628135d325468822e8a",
                        "single_starfish_codebook.json:md5,846c498cb0b5363e5fcfa44e94bf60b7"
                    ]
                ],
                "versions": [
                    "versions.yml:md5,c105acc99513c405a45c158c81c3cbbc",
                    "versions.yml:md5,c105acc99513c405a45c158c81c3cbbc"
                ]
            }
        ],
        "meta": {
            "nf-test": "0.9.2",
            "nextflow": "24.10.5"
        },
        "timestamp": "2025-08-05T14:43:56.244198537"
    }
}