{
    "ashlar - with fields - stub": {
        "content": [
            {
                "0": [
                    [
                        {
                            "id": "test_all"
                        },
                        "test_all.ome.tif:md5,d41d8cd98f00b204e9800998ecf8427e"
                    ]
                ],
                "1": [
                    "versions.yml:md5,b2100fb84e1717824fcfcecbb234c1c5"
                ],
                "tif": [
                    [
                        {
                            "id": "test_all"
                        },
                        "test_all.ome.tif:md5,d41d8cd98f00b204e9800998ecf8427e"
                    ]
                ],
                "versions": [
                    "versions.yml:md5,b2100fb84e1717824fcfcecbb234c1c5"
                ]
            }
        ],
        "meta": {
            "nf-test": "0.9.2",
            "nextflow": "24.10.5"
        },
        "timestamp": "2025-06-09T20:02:38.591670236"
    },
    "ashlar - 1 cycle - ome-tif": {
        "content": [
            {
                "0": [
                    [
                        {
                            "id": "test_1"
                        },
                        "test_1.ome.tif:md5,988bbb2c74d47dc22a9f3ac348f53ef5"
                    ]
                ],
                "1": [
                    "versions.yml:md5,b2100fb84e1717824fcfcecbb234c1c5"
                ],
                "tif": [
                    [
                        {
                            "id": "test_1"
                        },
                        "test_1.ome.tif:md5,988bbb2c74d47dc22a9f3ac348f53ef5"
                    ]
                ],
                "versions": [
                    "versions.yml:md5,b2100fb84e1717824fcfcecbb234c1c5"
                ]
            }
        ],
        "meta": {
            "nf-test": "0.9.2",
            "nextflow": "24.10.5"
        },
        "timestamp": "2025-06-09T20:11:53.073594941"
    },
    "ashlar - with fields": {
        "content": [
            {
                "0": [
                    [
                        {
                            "id": "test_all"
                        },
                        "test_all.ome.tif:md5,988bbb2c74d47dc22a9f3ac348f53ef5"
                    ]
                ],
                "1": [
                    "versions.yml:md5,b2100fb84e1717824fcfcecbb234c1c5"
                ],
                "tif": [
                    [
                        {
                            "id": "test_all"
                        },
                        "test_all.ome.tif:md5,988bbb2c74d47dc22a9f3ac348f53ef5"
                    ]
                ],
                "versions": [
                    "versions.yml:md5,b2100fb84e1717824fcfcecbb234c1c5"
                ]
            }
        ],
        "meta": {
            "nf-test": "0.9.2",
            "nextflow": "24.10.5"
        },
        "timestamp": "2025-06-09T20:11:41.309651221"
    },
    "ashlar - all cycles - ome-tif": {
        "content": [
            {
                "0": [
                    [
                        {
                            "id": "test_1"
                        },
                        "test_1.ome.tif:md5,c01dda923325588ea34a4fe341b17e6e"
                    ]
                ],
                "1": [
                    "versions.yml:md5,b2100fb84e1717824fcfcecbb234c1c5"
                ],
                "tif": [
                    [
                        {
                            "id": "test_1"
                        },
                        "test_1.ome.tif:md5,c01dda923325588ea34a4fe341b17e6e"
                    ]
                ],
                "versions": [
                    "versions.yml:md5,b2100fb84e1717824fcfcecbb234c1c5"
                ]
            }
        ],
        "meta": {
            "nf-test": "0.9.2",
            "nextflow": "24.10.5"
        },
        "timestamp": "2025-06-09T20:12:06.863954559"
    },
    "ashlar - all cycles - with fields - ome-tif": {
        "content": [
            {
                "0": [
                    [
                        {
                            "id": "test_1"
                        },
                        "test_1.ome.tif:md5,c01dda923325588ea34a4fe341b17e6e"
                    ]
                ],
                "1": [
                    "versions.yml:md5,b2100fb84e1717824fcfcecbb234c1c5"
                ],
                "tif": [
                    [
                        {
                            "id": "test_1"
                        },
                        "test_1.ome.tif:md5,c01dda923325588ea34a4fe341b17e6e"
                    ]
                ],
                "versions": [
                    "versions.yml:md5,b2100fb84e1717824fcfcecbb234c1c5"
                ]
            }
        ],
        "meta": {
            "nf-test": "0.9.2",
            "nextflow": "24.10.5"
        },
        "timestamp": "2025-06-09T20:12:19.949415517"
    }
}