{
    "mouse_heart - tiff - stub": {
        "content": [
            {
                "0": [
                    [
                        {
                            "id": "mouse_heart"
                        },
                        0,
                        "mouse_heart_ch_0_peaks_Y0_Y200_X0_X200.csv:md5,d41d8cd98f00b204e9800998ecf8427e"
                    ]
                ],
                "1": [
                    "versions.yml:md5,5468a2cc58e86ec219e7b4f35377c575"
                ],
                "peaks": [
                    [
                        {
                            "id": "mouse_heart"
                        },
                        0,
                        "mouse_heart_ch_0_peaks_Y0_Y200_X0_X200.csv:md5,d41d8cd98f00b204e9800998ecf8427e"
                    ]
                ],
                "versions": [
                    "versions.yml:md5,5468a2cc58e86ec219e7b4f35377c575"
                ]
            }
        ],
        "meta": {
            "nf-test": "0.9.2",
            "nextflow": "24.04.4"
        },
        "timestamp": "2025-03-14T11:16:20.49056051"
    },
    "mouse_heart - tiff": {
        "content": [
            {
                "0": [
                    [
                        {
                            "id": "mouse_heart"
                        },
                        0,
                        "mouse_heart_ch_0_peaks_Y0_Y200_X0_X200.csv:md5,a1a930de917429f510577aa17970aaa6"
                    ]
                ],
                "1": [
                    "versions.yml:md5,5468a2cc58e86ec219e7b4f35377c575"
                ],
                "peaks": [
                    [
                        {
                            "id": "mouse_heart"
                        },
                        0,
                        "mouse_heart_ch_0_peaks_Y0_Y200_X0_X200.csv:md5,a1a930de917429f510577aa17970aaa6"
                    ]
                ],
                "versions": [
                    "versions.yml:md5,5468a2cc58e86ec219e7b4f35377c575"
                ]
            }
        ],
        "meta": {
            "nf-test": "0.9.2",
            "nextflow": "24.04.4"
        },
        "timestamp": "2025-03-14T11:15:46.765297635"
    },
    "mouse_heart - tiff - 500": {
        "content": [
            {
                "0": [
                    [
                        {
                            "id": "mouse_heart"
                        },
                        0,
                        "mouse_heart_ch_0_peaks_Y0_Y500_X0_X500.csv:md5,b751ba2081cc127d53c9457f5b15749d"
                    ]
                ],
                "1": [
                    "versions.yml:md5,5468a2cc58e86ec219e7b4f35377c575"
                ],
                "peaks": [
                    [
                        {
                            "id": "mouse_heart"
                        },
                        0,
                        "mouse_heart_ch_0_peaks_Y0_Y500_X0_X500.csv:md5,b751ba2081cc127d53c9457f5b15749d"
                    ]
                ],
                "versions": [
                    "versions.yml:md5,5468a2cc58e86ec219e7b4f35377c575"
                ]
            }
        ],
        "meta": {
            "nf-test": "0.9.2",
            "nextflow": "24.04.4"
        },
        "timestamp": "2025-03-14T11:16:07.818311208"
    }
}