{
    "mouse_heart - tiff - stub": {
        "content": [
            {
                "0": [
                    [
                        {
                            "id": "mouse_heart"
                        },
                        "mouse_heart_0_0_200_200_deepcell_outlines.wkt:md5,d41d8cd98f00b204e9800998ecf8427e"
                    ]
                ],
                "1": [
                    "versions.yml:md5,600c2d8fa5e77e818bb6e66726ba2f96"
                ],
                "versions": [
                    "versions.yml:md5,600c2d8fa5e77e818bb6e66726ba2f96"
                ],
                "wkts": [
                    [
                        {
                            "id": "mouse_heart"
                        },
                        "mouse_heart_0_0_200_200_deepcell_outlines.wkt:md5,d41d8cd98f00b204e9800998ecf8427e"
                    ]
                ]
            }
        ],
        "meta": {
            "nf-test": "0.9.2",
            "nextflow": "24.04.4"
        },
        "timestamp": "2025-02-11T09:33:39.654173115"
    },
    "mouse_heart - tiff": {
        "content": [
            {
                "0": [
                    [
                        {
                            "id": "mouse_heart"
                        },
                        "mouse_heart_0_0_600_600_deepcell_outlines.wkt:md5,53d08480bbef4b8349ba70ebef3fc5dc"
                    ]
                ],
                "1": [
                    "versions.yml:md5,600c2d8fa5e77e818bb6e66726ba2f96"
                ],
                "versions": [
                    "versions.yml:md5,600c2d8fa5e77e818bb6e66726ba2f96"
                ],
                "wkts": [
                    [
                        {
                            "id": "mouse_heart"
                        },
                        "mouse_heart_0_0_600_600_deepcell_outlines.wkt:md5,53d08480bbef4b8349ba70ebef3fc5dc"
                    ]
                ]
            }
        ],
        "meta": {
            "nf-test": "0.9.2",
            "nextflow": "24.04.4"
        },
        "timestamp": "2025-02-11T09:33:16.099316588"
    }
}