{
    "preprocess -  stub": {
        "content": [
            {
                "0": [
                    [
                        {
                            "id": "test"
                        },
                        "stub_test.ome.tif:md5,d41d8cd98f00b204e9800998ecf8427e"
                    ]
                ],
                "1": [
                    "versions.yml:md5,7532d207df3aa8c97abafc64c9788d28"
                ],
                "fovs": [
                    [
                        {
                            "id": "test"
                        },
                        "stub_test.ome.tif:md5,d41d8cd98f00b204e9800998ecf8427e"
                    ]
                ],
                "versions": [
                    "versions.yml:md5,7532d207df3aa8c97abafc64c9788d28"
                ]
            }
        ],
        "meta": {
            "nf-test": "0.9.2",
            "nextflow": "24.10.5"
        },
        "timestamp": "2025-04-28T23:14:23.267661797"
    },
    "preprocess - wsi": {
        "content": [
            {
                "0": [
                    [
                        {
                            "id": "test"
                        },
                        "wsi_test.ome.tif:md5,c99aa6e2c0cfbf08e1060475341184ec"
                    ]
                ],
                "1": [
                    "versions.yml:md5,7532d207df3aa8c97abafc64c9788d28"
                ],
                "fovs": [
                    [
                        {
                            "id": "test"
                        },
                        "wsi_test.ome.tif:md5,c99aa6e2c0cfbf08e1060475341184ec"
                    ]
                ],
                "versions": [
                    "versions.yml:md5,7532d207df3aa8c97abafc64c9788d28"
                ]
            }
        ],
        "meta": {
            "nf-test": "0.9.2",
            "nextflow": "24.10.5"
        },
        "timestamp": "2025-04-28T23:06:11.272919977"
    },
    "preprocess - hcs": {
        "content": [
            {
                "0": [
                    [
                        {
                            "id": "test"
                        },
                        "hcs_test.ome.tif:md5,9e33f3e2ca45d3e516e0b03bc9f9015a"
                    ]
                ],
                "1": [
                    "versions.yml:md5,7532d207df3aa8c97abafc64c9788d28"
                ],
                "fovs": [
                    [
                        {
                            "id": "test"
                        },
                        "hcs_test.ome.tif:md5,9e33f3e2ca45d3e516e0b03bc9f9015a"
                    ]
                ],
                "versions": [
                    "versions.yml:md5,7532d207df3aa8c97abafc64c9788d28"
                ]
            }
        ],
        "meta": {
            "nf-test": "0.9.2",
            "nextflow": "24.10.5"
        },
        "timestamp": "2025-04-28T23:01:26.437855516"
    }
}