{
    "mouse heart - wkt ": {
        "content": [
            {
                "0": [
                    [
                        {
                            "id": "test"
                        },
                        "test_merged_peaks.csv:md5,d5e0dfaa5058349ba1eb51fe9b286b58"
                    ]
                ],
                "1": [
                    "versions.yml:md5,fdcbf4adb208c7d07a3288f0634f3610"
                ],
                "concatenated_peaks": [
                    [
                        {
                            "id": "test"
                        },
                        "test_merged_peaks.csv:md5,d5e0dfaa5058349ba1eb51fe9b286b58"
                    ]
                ],
                "versions": [
                    "versions.yml:md5,fdcbf4adb208c7d07a3288f0634f3610"
                ]
            }
        ],
        "meta": {
            "nf-test": "0.9.2",
            "nextflow": "24.04.4"
        },
        "timestamp": "2025-02-07T14:58:56.032796301"
    },
    "mouse heart - wkt - stub": {
        "content": [
            {
                "0": [
                    [
                        {
                            "id": "test"
                        },
                        "test_merged_peaks.csv:md5,d41d8cd98f00b204e9800998ecf8427e"
                    ]
                ],
                "1": [
                    "versions.yml:md5,fdcbf4adb208c7d07a3288f0634f3610"
                ],
                "concatenated_peaks": [
                    [
                        {
                            "id": "test"
                        },
                        "test_merged_peaks.csv:md5,d41d8cd98f00b204e9800998ecf8427e"
                    ]
                ],
                "versions": [
                    "versions.yml:md5,fdcbf4adb208c7d07a3288f0634f3610"
                ]
            }
        ],
        "meta": {
            "nf-test": "0.9.2",
            "nextflow": "24.04.4"
        },
        "timestamp": "2025-02-07T14:59:03.601526069"
    }
}