{
    "mouse heart - wkt - stub": {
        "content": [
            {
                "0": [
                    
                ],
                "1": [
                    [
                        {
                            "id": "test"
                        },
                        "test_merged.geojson:md5,d41d8cd98f00b204e9800998ecf8427e"
                    ]
                ],
                "2": [
                    "versions.yml:md5,b47d0d0a777ffdcc4fc0c230c150c040"
                ],
                "multipoly_geojsons": [
                    [
                        {
                            "id": "test"
                        },
                        "test_merged.geojson:md5,d41d8cd98f00b204e9800998ecf8427e"
                    ]
                ],
                "multipoly_wkts": [
                    
                ],
                "versions": [
                    "versions.yml:md5,b47d0d0a777ffdcc4fc0c230c150c040"
                ]
            }
        ],
        "meta": {
            "nf-test": "0.9.2",
            "nextflow": "24.10.5"
        },
        "timestamp": "2025-06-17T21:14:13.188373506"
    },
    "mouse heart - wkt": {
        "content": [
            {
                "0": [
                    [
                        {
                            "id": "test"
                        },
                        "test_merged.wkt:md5,ac7ba24ae1deff214bf465aed36a42f9"
                    ]
                ],
                "1": [
                    [
                        {
                            "id": "test"
                        },
                        "test_merged.geojson:md5,0e17590b6af5065d58270ee8708db50c"
                    ]
                ],
                "2": [
                    "versions.yml:md5,b47d0d0a777ffdcc4fc0c230c150c040"
                ],
                "multipoly_geojsons": [
                    [
                        {
                            "id": "test"
                        },
                        "test_merged.geojson:md5,0e17590b6af5065d58270ee8708db50c"
                    ]
                ],
                "multipoly_wkts": [
                    [
                        {
                            "id": "test"
                        },
                        "test_merged.wkt:md5,ac7ba24ae1deff214bf465aed36a42f9"
                    ]
                ],
                "versions": [
                    "versions.yml:md5,b47d0d0a777ffdcc4fc0c230c150c040"
                ]
            }
        ],
        "meta": {
            "nf-test": "0.9.2",
            "nextflow": "24.04.4"
        },
        "timestamp": "2025-03-15T10:04:43.098270886"
    }
}