{
    "predict - merfish_100000": {
        "content": [
            {
                "0": [
                    [
                        {
                            "id": "merfish_100000"
                        },
                        "merfish_100000_decoded.csv:md5,5fa67f527ac1baaca85079a657efdeeb"
                    ]
                ],
                "1": [
                    "versions.yml:md5,0bcd66ac7099d2c3498299b3488b9c6b"
                ],
                "decoded_profile": [
                    [
                        {
                            "id": "merfish_100000"
                        },
                        "merfish_100000_decoded.csv:md5,5fa67f527ac1baaca85079a657efdeeb"
                    ]
                ],
                "versions": [
                    "versions.yml:md5,0bcd66ac7099d2c3498299b3488b9c6b"
                ]
            }
        ],
        "meta": {
            "nf-test": "0.9.2",
            "nextflow": "24.10.5"
        },
        "timestamp": "2025-08-05T10:57:29.201099526"
    },
    "predict - merfish_5000": {
        "content": [
            {
                "0": [
                    
                ],
                "1": [
                    
                ],
                "decoded_profile": [
                    
                ],
                "versions": [
                    
                ]
            }
        ],
        "meta": {
            "nf-test": "0.9.2",
            "nextflow": "24.10.5"
        },
        "timestamp": "2025-08-05T10:50:19.264724704"
    },
    "predict - empty": {
        "content": [
            {
                "0": [
                    
                ],
                "1": [
                    
                ],
                "decoded_profile": [
                    
                ],
                "versions": [
                    
                ]
            }
        ],
        "meta": {
            "nf-test": "0.9.2",
            "nextflow": "24.10.5"
        },
        "timestamp": "2025-08-05T10:55:59.071477199"
    },
    "predict - merfish_100000 - stub": {
        "content": [
            {
                "0": [
                    [
                        {
                            "id": "stub"
                        },
                        "stub_decoded.csv:md5,d41d8cd98f00b204e9800998ecf8427e"
                    ]
                ],
                "1": [
                    "versions.yml:md5,0bcd66ac7099d2c3498299b3488b9c6b"
                ],
                "decoded_profile": [
                    [
                        {
                            "id": "stub"
                        },
                        "stub_decoded.csv:md5,d41d8cd98f00b204e9800998ecf8427e"
                    ]
                ],
                "versions": [
                    "versions.yml:md5,0bcd66ac7099d2c3498299b3488b9c6b"
                ]
            }
        ],
        "meta": {
            "nf-test": "0.9.2",
            "nextflow": "24.10.5"
        },
        "timestamp": "2025-08-05T09:55:03.922694633"
    },
    "predict - merfish_1": {
        "content": [
            {
                "0": [
                    
                ],
                "1": [
                    
                ],
                "decoded_profile": [
                    
                ],
                "versions": [
                    
                ]
            }
        ],
        "meta": {
            "nf-test": "0.9.2",
            "nextflow": "24.10.5"
        },
        "timestamp": "2025-08-05T10:50:10.306543847"
    }
}